// Jest Snapshot v1, https://goo.gl/fbAQLP

exports[`CompareContainer should match the snapshot with data passed in correctly 1`] = `
ShallowWrapper {
  Symbol(enzyme.__root__): [Circular],
  Symbol(enzyme.__unrendered__): <CompareContainer
    compareDistrictAverages={[Function]}
    selectedCards={
        Array [
            Object {
              "location": "COLORADO SPRINGS",
              "stats": Object {
                "2005": 0.4,
              },
            },
          ]
    }
/>,
  Symbol(enzyme.__renderer__): Object {
    "batchedUpdates": [Function],
    "getNode": [Function],
    "render": [Function],
    "simulateError": [Function],
    "simulateEvent": [Function],
    "unmount": [Function],
  },
  Symbol(enzyme.__node__): Object {
    "instance": null,
    "key": undefined,
    "nodeType": "host",
    "props": Object {
      "children": Array [
        <Card
          district={
                    Object {
                              "location": "COLORADO SPRINGS",
                              "stats": Object {
                                "2005": 0.4,
                              },
                            }
          }
          selectCard={undefined}
          selectedCards={
                    Array [
                              Object {
                                "location": "COLORADO SPRINGS",
                                "stats": Object {
                                  "2005": 0.4,
                                },
                              },
                            ]
          }
/>,
        <CompareCard
          comparedDistricts={undefined}
          district1={undefined}
          district2={undefined}
          selectedCards={
                    Array [
                              Object {
                                "location": "COLORADO SPRINGS",
                                "stats": Object {
                                  "2005": 0.4,
                                },
                              },
                            ]
          }
/>,
        <BlankCard />,
      ],
      "className": "compare-container",
    },
    "ref": null,
    "rendered": Array [
      Object {
        "instance": null,
        "key": "COLORADO SPRINGS",
        "nodeType": "function",
        "props": Object {
          "district": Object {
            "location": "COLORADO SPRINGS",
            "stats": Object {
              "2005": 0.4,
            },
          },
          "selectCard": undefined,
          "selectedCards": Array [
            Object {
              "location": "COLORADO SPRINGS",
              "stats": Object {
                "2005": 0.4,
              },
            },
          ],
        },
        "ref": null,
        "rendered": null,
        "type": [Function],
      },
      Object {
        "instance": null,
        "key": undefined,
        "nodeType": "function",
        "props": Object {
          "comparedDistricts": undefined,
          "district1": undefined,
          "district2": undefined,
          "selectedCards": Array [
            Object {
              "location": "COLORADO SPRINGS",
              "stats": Object {
                "2005": 0.4,
              },
            },
          ],
        },
        "ref": null,
        "rendered": null,
        "type": [Function],
      },
      Object {
        "instance": null,
        "key": "card2",
        "nodeType": "function",
        "props": Object {},
        "ref": null,
        "rendered": null,
        "type": [Function],
      },
    ],
    "type": "div",
  },
  Symbol(enzyme.__nodes__): Array [
    Object {
      "instance": null,
      "key": undefined,
      "nodeType": "host",
      "props": Object {
        "children": Array [
          <Card
            district={
                        Object {
                                    "location": "COLORADO SPRINGS",
                                    "stats": Object {
                                      "2005": 0.4,
                                    },
                                  }
            }
            selectCard={undefined}
            selectedCards={
                        Array [
                                    Object {
                                      "location": "COLORADO SPRINGS",
                                      "stats": Object {
                                        "2005": 0.4,
                                      },
                                    },
                                  ]
            }
/>,
          <CompareCard
            comparedDistricts={undefined}
            district1={undefined}
            district2={undefined}
            selectedCards={
                        Array [
                                    Object {
                                      "location": "COLORADO SPRINGS",
                                      "stats": Object {
                                        "2005": 0.4,
                                      },
                                    },
                                  ]
            }
/>,
          <BlankCard />,
        ],
        "className": "compare-container",
      },
      "ref": null,
      "rendered": Array [
        Object {
          "instance": null,
          "key": "COLORADO SPRINGS",
          "nodeType": "function",
          "props": Object {
            "district": Object {
              "location": "COLORADO SPRINGS",
              "stats": Object {
                "2005": 0.4,
              },
            },
            "selectCard": undefined,
            "selectedCards": Array [
              Object {
                "location": "COLORADO SPRINGS",
                "stats": Object {
                  "2005": 0.4,
                },
              },
            ],
          },
          "ref": null,
          "rendered": null,
          "type": [Function],
        },
        Object {
          "instance": null,
          "key": undefined,
          "nodeType": "function",
          "props": Object {
            "comparedDistricts": undefined,
            "district1": undefined,
            "district2": undefined,
            "selectedCards": Array [
              Object {
                "location": "COLORADO SPRINGS",
                "stats": Object {
                  "2005": 0.4,
                },
              },
            ],
          },
          "ref": null,
          "rendered": null,
          "type": [Function],
        },
        Object {
          "instance": null,
          "key": "card2",
          "nodeType": "function",
          "props": Object {},
          "ref": null,
          "rendered": null,
          "type": [Function],
        },
      ],
      "type": "div",
    },
  ],
  Symbol(enzyme.__options__): Object {
    "adapter": ReactSixteenAdapter {
      "options": Object {
        "enableComponentDidUpdateOnSetState": true,
        "lifecycles": Object {
          "componentDidUpdate": Object {
            "onSetState": true,
          },
          "getDerivedStateFromProps": true,
          "getSnapshotBeforeUpdate": true,
          "setState": Object {
            "skipsComponentDidUpdateOnNullish": true,
          },
        },
      },
    },
  },
}
`;
